[
  {
    "id": 123,
    "name": "New Restaurant",
    "owner": "ID do KeyClock"
  },
  {
    "id": 234,
    "name": "New Restaurant 2",
    "owner": "ID do KeyClock 2"
  }
]